// Jest Snapshot v1, https://goo.gl/fbAQLP

exports[`CountryWidget renders correctly 1`] = `
<div>
  <div
    class="country element"
    data-testid="country-widget"
  >
    <a
      data-testid="country-link"
      href="/Test Country"
    >
      <div
        class="country__image"
        style="background-image: url(test.svg);"
      />
    </a>
    <div
      class="country__data"
    >
      <a
        href="/Test Country"
      >
        <h2
          class="underline-swipe"
        >
          Test Country
        </h2>
      </a>
      <p>
        Population: 
        <span>
          1,000,000
        </span>
      </p>
      <p>
        Region: 
        <span>
          Test Region
        </span>
      </p>
      <p>
        Capital: 
        <span>
          Test Capital
        </span>
      </p>
    </div>
  </div>
</div>
`;
